<html>
<body>
<pre>
<h1>µVision Build Log</h1>
<h2>Project:</h2>
E:\v23be2p14\c\ARM kiel\canProtocol\canDash.uvproj
Project File Date:  02/18/2024

<h2>Output:</h2>
Build target 'Target 1'
assembling Startup.s...
compiling timer.c...
compiling uart0driver.c...
compiling lcddriver.c...
compiling mainNodeB.c...
mainNodeB.c(77): warning:  #167-D: argument of type "unsigned char *" is incompatible with parameter of type "char *restrict"
mainNodeB.c(83): warning:  #167-D: argument of type "unsigned char *" is incompatible with parameter of type "char *"
mainNodeB.c(88): warning:  #167-D: argument of type "unsigned char *" is incompatible with parameter of type "char *restrict"
mainNodeB.c(94): warning:  #167-D: argument of type "unsigned char *" is incompatible with parameter of type "char *"
mainNodeB.c(175): warning:  #1-D: last line of file ends without a newline
compiling adcdriver.c...
compiling candriver.c...
linking...
Program Size: Code=5856 RO-data=92 RW-data=64 ZI-data=1272  
FromELF: creating hex file...
"RXnode.axf" - 0 Error(s), 5 Warning(s).
Build target 'Target 1'
assembling Startup.s...
compiling mainNodeA.c...
compiling timer.c...
compiling uart0driver.c...
compiling lcddriver.c...
compiling mainNodeB.c...
mainNodeB.c(77): warning:  #167-D: argument of type "unsigned char *" is incompatible with parameter of type "char *restrict"
mainNodeB.c(83): warning:  #167-D: argument of type "unsigned char *" is incompatible with parameter of type "char *"
mainNodeB.c(88): warning:  #167-D: argument of type "unsigned char *" is incompatible with parameter of type "char *restrict"
mainNodeB.c(94): warning:  #167-D: argument of type "unsigned char *" is incompatible with parameter of type "char *"
mainNodeB.c(175): warning:  #1-D: last line of file ends without a newline
compiling adcdriver.c...
compiling candriver.c...
compiling externalinterrupt2.c...
..\i2c\externalinterrupt2.c(22): warning:  #61-D: integer operation result is out of range
..\i2c\externalinterrupt2.c(40): warning:  #61-D: integer operation result is out of range
compiling externalinterrupt1.c...
compiling externalinterrupt0.c...
linking...
RXnode.axf: Error: L6200E: Symbol __ARM_use_no_argv multiply defined (by mainnodeb.o and mainnodea.o).
RXnode.axf: Error: L6200E: Symbol frame multiply defined (by mainnodeb.o and mainnodea.o).
RXnode.axf: Error: L6200E: Symbol head multiply defined (by mainnodeb.o and mainnodea.o).
RXnode.axf: Error: L6200E: Symbol speed multiply defined (by mainnodeb.o and mainnodea.o).
RXnode.axf: Error: L6200E: Symbol flag multiply defined (by mainnodeb.o and mainnodea.o).
RXnode.axf: Error: L6200E: Symbol main multiply defined (by mainnodeb.o and mainnodea.o).
Target not created
Build target 'Target 1'
assembling Startup.s...
compiling mainNodeA.c...
compiling timer.c...
compiling uart0driver.c...
compiling lcddriver.c...
compiling adcdriver.c...
compiling candriver.c...
compiling externalinterrupt2.c...
..\i2c\externalinterrupt2.c(22): warning:  #61-D: integer operation result is out of range
..\i2c\externalinterrupt2.c(40): warning:  #61-D: integer operation result is out of range
compiling externalinterrupt1.c...
compiling externalinterrupt0.c...
linking...
Program Size: Code=6040 RO-data=92 RW-data=36 ZI-data=1300  
FromELF: creating hex file...
"RXnode.axf" - 0 Error(s), 2 Warning(s).
Build target 'Target 1'
assembling Startup.s...
compiling mainNodeA.c...
compiling timer.c...
compiling uart0driver.c...
compiling lcddriver.c...
compiling adcdriver.c...
compiling candriver.c...
compiling externalinterrupt2.c...
..\i2c\externalinterrupt2.c(22): warning:  #61-D: integer operation result is out of range
..\i2c\externalinterrupt2.c(40): warning:  #61-D: integer operation result is out of range
compiling externalinterrupt1.c...
compiling externalinterrupt0.c...
linking...
Program Size: Code=6040 RO-data=92 RW-data=36 ZI-data=1300  
FromELF: creating hex file...
"RXnode.axf" - 0 Error(s), 2 Warning(s).
